
     Program PROJWFC v.7.5 starts on 20Aug2026 at 15: 8:54 

     This program is part of the open-source Quantum ESPRESSO suite
     for quantum simulation of materials; please cite
         "P. Giannozzi et al., J. Phys.:Condens. Matter 21 395502 (2009);
         "P. Giannozzi et al., J. Phys.:Condens. Matter 29 465901 (2017);
         "P. Giannozzi et al., J. Chem. Phys. 152 154105 (2020);
          URL http://www.quantum-espresso.org", 
     in publications or presentations arising from this work. More details at
     http://www.quantum-espresso.org/quote

     Parallel version (MPI & OpenMP), running on       2 processor cores
     Number of MPI processes:                 2
     Threads/MPI process:                     1

     MPI processes distributed on     1 nodes
     R & G space division:  proc/nbgrp/npool/nimage =       2
     2365 MiB available memory on the printing compute node when the environment starts


     Reading xml data from directory:

     /home/user/workspace/qe_runs/strain_H_single/out/teH.save/
     file Te.rel-pbe-n-rrkjus_psl.1.0.0.UPF: wavefunction(s)  5S renormalized

     IMPORTANT: XC functional enforced from input :
     Exchange-correlation= PBE
                           (   1   4   3   4   0   0   0)
     Any further DFT definition will be discarded
     Please, verify this is what you really want


     Parallelization info
     --------------------
     sticks:   dense  smooth     PW     G-vecs:    dense   smooth      PW
     Min         741     483    141                30207    16402    2589
     Max         742     484    142                30208    16403    2592
     Sum        1483     967    283                60415    32805    5181

     Using Slab Decomposition


     Gaussian broadening (read from file): ngauss,degauss=   0    0.010000


     Calling projwave .... 
     Subspace diagonalization in iterative solution of the eigenvalue problem:
     a serial algorithm will be used


  Problem Sizes 
  natomwfc =           24
  nbnd     =           28
  nkstot   =            1
  npwx     =         2046
  nkb      =          102


     Atomic states used for projection
     (read from pseudopotential files):

     state #   1: atom   1 (Te ), wfc  1 (l=0 j=0.5 m_j=-0.5)
     state #   2: atom   1 (Te ), wfc  1 (l=0 j=0.5 m_j= 0.5)
     state #   3: atom   1 (Te ), wfc  2 (l=1 j=0.5 m_j=-0.5)
     state #   4: atom   1 (Te ), wfc  2 (l=1 j=0.5 m_j= 0.5)
     state #   5: atom   1 (Te ), wfc  3 (l=1 j=1.5 m_j=-1.5)
     state #   6: atom   1 (Te ), wfc  3 (l=1 j=1.5 m_j=-0.5)
     state #   7: atom   1 (Te ), wfc  3 (l=1 j=1.5 m_j= 0.5)
     state #   8: atom   1 (Te ), wfc  3 (l=1 j=1.5 m_j= 1.5)
     state #   9: atom   2 (Te ), wfc  1 (l=0 j=0.5 m_j=-0.5)
     state #  10: atom   2 (Te ), wfc  1 (l=0 j=0.5 m_j= 0.5)
     state #  11: atom   2 (Te ), wfc  2 (l=1 j=0.5 m_j=-0.5)
     state #  12: atom   2 (Te ), wfc  2 (l=1 j=0.5 m_j= 0.5)
     state #  13: atom   2 (Te ), wfc  3 (l=1 j=1.5 m_j=-1.5)
     state #  14: atom   2 (Te ), wfc  3 (l=1 j=1.5 m_j=-0.5)
     state #  15: atom   2 (Te ), wfc  3 (l=1 j=1.5 m_j= 0.5)
     state #  16: atom   2 (Te ), wfc  3 (l=1 j=1.5 m_j= 1.5)
     state #  17: atom   3 (Te ), wfc  1 (l=0 j=0.5 m_j=-0.5)
     state #  18: atom   3 (Te ), wfc  1 (l=0 j=0.5 m_j= 0.5)
     state #  19: atom   3 (Te ), wfc  2 (l=1 j=0.5 m_j=-0.5)
     state #  20: atom   3 (Te ), wfc  2 (l=1 j=0.5 m_j= 0.5)
     state #  21: atom   3 (Te ), wfc  3 (l=1 j=1.5 m_j=-1.5)
     state #  22: atom   3 (Te ), wfc  3 (l=1 j=1.5 m_j=-0.5)
     state #  23: atom   3 (Te ), wfc  3 (l=1 j=1.5 m_j= 0.5)
     state #  24: atom   3 (Te ), wfc  3 (l=1 j=1.5 m_j= 1.5)

 k =   0.3333333000  0.5773502757  0.3758812616
==== e(   1) =    -5.81421 eV ==== 
     psi = 0.151*[#   1]+0.151*[#   2]+0.151*[#   9]+0.151*[#  10]+0.151*[#  17]
          +0.151*[#  18]+0.008*[#   3]+0.008*[#   4]+0.008*[#  11]+0.008*[#  12]
          +0.008*[#  19]+0.008*[#  20]+0.006*[#   6]+0.006*[#   7]+0.006*[#  14]
          +0.006*[#  15]+0.006*[#  22]+0.006*[#  23]+0.002*[#   5]+0.002*[#   8]
          +0.002*[#  13]+0.002*[#  16]+0.002*[#  21]+0.002*[#  24]
    |psi|^2 = 0.998
==== e(   2) =    -5.81421 eV ==== 
     psi = 0.151*[#   1]+0.151*[#   2]+0.151*[#   9]+0.151*[#  10]+0.151*[#  17]
          +0.151*[#  18]+0.008*[#   3]+0.008*[#   4]+0.008*[#  11]+0.008*[#  12]
          +0.008*[#  19]+0.008*[#  20]+0.006*[#   6]+0.006*[#   7]+0.006*[#  14]
          +0.006*[#  15]+0.006*[#  22]+0.006*[#  23]+0.002*[#   5]+0.002*[#   8]
          +0.002*[#  13]+0.002*[#  16]+0.002*[#  21]+0.002*[#  24]
    |psi|^2 = 0.998
==== e(   3) =    -5.80842 eV ==== 
     psi = 0.151*[#   1]+0.151*[#   2]+0.151*[#   9]+0.151*[#  10]+0.151*[#  17]
          +0.151*[#  18]+0.009*[#   5]+0.009*[#   8]+0.009*[#  13]+0.009*[#  16]
          +0.009*[#  21]+0.009*[#  24]+0.006*[#   3]+0.006*[#   4]+0.006*[#  11]
          +0.006*[#  12]+0.006*[#  19]+0.006*[#  20]
    |psi|^2 = 0.998
==== e(   4) =    -5.80117 eV ==== 
     psi = 0.151*[#   1]+0.151*[#   2]+0.151*[#   9]+0.151*[#  10]+0.151*[#  17]
          +0.151*[#  18]+0.009*[#   5]+0.009*[#   8]+0.009*[#  13]+0.009*[#  16]
          +0.009*[#  21]+0.009*[#  24]+0.007*[#   6]+0.007*[#   7]+0.007*[#  14]
          +0.007*[#  15]+0.007*[#  22]+0.007*[#  23]
    |psi|^2 = 0.998
==== e(   5) =    -3.99954 eV ==== 
     psi = 0.146*[#   1]+0.146*[#   2]+0.146*[#   9]+0.146*[#  10]+0.146*[#  17]
          +0.146*[#  18]+0.010*[#   5]+0.010*[#   8]+0.010*[#  13]+0.010*[#  16]
          +0.010*[#  21]+0.010*[#  24]+0.007*[#   3]+0.007*[#   4]+0.007*[#  11]
          +0.007*[#  12]+0.007*[#  19]+0.007*[#  20]+0.004*[#   6]+0.004*[#   7]
          +0.004*[#  14]+0.004*[#  15]+0.004*[#  22]+0.004*[#  23]
    |psi|^2 = 0.999
==== e(   6) =    -3.99954 eV ==== 
     psi = 0.146*[#   1]+0.146*[#   2]+0.146*[#   9]+0.146*[#  10]+0.146*[#  17]
          +0.146*[#  18]+0.010*[#   5]+0.010*[#   8]+0.010*[#  13]+0.010*[#  16]
          +0.010*[#  21]+0.010*[#  24]+0.007*[#   3]+0.007*[#   4]+0.007*[#  11]
          +0.007*[#  12]+0.007*[#  19]+0.007*[#  20]+0.004*[#   6]+0.004*[#   7]
          +0.004*[#  14]+0.004*[#  15]+0.004*[#  22]+0.004*[#  23]
    |psi|^2 = 0.999
==== e(   7) =     0.77019 eV ==== 
     psi = 0.066*[#   3]+0.066*[#   4]+0.066*[#  11]+0.066*[#  12]+0.066*[#  19]
          +0.066*[#  20]+0.054*[#   6]+0.054*[#   7]+0.054*[#  14]+0.054*[#  15]
          +0.054*[#  22]+0.054*[#  23]+0.046*[#   5]+0.046*[#   8]+0.046*[#  13]
          +0.046*[#  16]+0.046*[#  21]+0.046*[#  24]
    |psi|^2 = 0.996
==== e(   8) =     0.77019 eV ==== 
     psi = 0.066*[#   3]+0.066*[#   4]+0.066*[#  11]+0.066*[#  12]+0.066*[#  19]
          +0.066*[#  20]+0.054*[#   6]+0.054*[#   7]+0.054*[#  14]+0.054*[#  15]
          +0.054*[#  22]+0.054*[#  23]+0.046*[#   5]+0.046*[#   8]+0.046*[#  13]
          +0.046*[#  16]+0.046*[#  21]+0.046*[#  24]
    |psi|^2 = 0.996
==== e(   9) =     0.88843 eV ==== 
     psi = 0.084*[#   3]+0.084*[#   4]+0.084*[#  11]+0.084*[#  12]+0.084*[#  19]
          +0.084*[#  20]+0.047*[#   6]+0.047*[#   7]+0.047*[#  14]+0.047*[#  15]
          +0.047*[#  22]+0.047*[#  23]+0.032*[#   5]+0.032*[#   8]+0.032*[#  13]
          +0.032*[#  16]+0.032*[#  21]+0.032*[#  24]+0.004*[#   1]+0.004*[#   2]
          +0.004*[#   9]+0.004*[#  10]+0.004*[#  17]+0.004*[#  18]
    |psi|^2 = 0.997
==== e(  10) =     0.94008 eV ==== 
     psi = 0.068*[#   3]+0.068*[#   4]+0.068*[#  11]+0.068*[#  12]+0.068*[#  19]
          +0.068*[#  20]+0.063*[#   6]+0.063*[#   7]+0.063*[#  14]+0.063*[#  15]
          +0.063*[#  22]+0.063*[#  23]+0.032*[#   5]+0.032*[#   8]+0.032*[#  13]
          +0.032*[#  16]+0.032*[#  21]+0.032*[#  24]+0.004*[#   1]+0.004*[#   2]
          +0.004*[#   9]+0.004*[#  10]+0.004*[#  17]+0.004*[#  18]
    |psi|^2 = 0.997
==== e(  11) =     1.01084 eV ==== 
     psi = 0.073*[#   5]+0.073*[#   8]+0.073*[#  13]+0.073*[#  16]+0.073*[#  21]
          +0.073*[#  24]+0.047*[#   3]+0.047*[#   4]+0.047*[#  11]+0.047*[#  12]
          +0.047*[#  19]+0.047*[#  20]+0.042*[#   6]+0.042*[#   7]+0.042*[#  14]
          +0.042*[#  15]+0.042*[#  22]+0.042*[#  23]+0.004*[#   1]+0.004*[#   2]
          +0.004*[#   9]+0.004*[#  10]+0.004*[#  17]+0.004*[#  18]
    |psi|^2 = 0.997
==== e(  12) =     1.01084 eV ==== 
     psi = 0.073*[#   5]+0.073*[#   8]+0.073*[#  13]+0.073*[#  16]+0.073*[#  21]
          +0.073*[#  24]+0.047*[#   3]+0.047*[#   4]+0.047*[#  11]+0.047*[#  12]
          +0.047*[#  19]+0.047*[#  20]+0.042*[#   6]+0.042*[#   7]+0.042*[#  14]
          +0.042*[#  15]+0.042*[#  22]+0.042*[#  23]+0.004*[#   1]+0.004*[#   2]
          +0.004*[#   9]+0.004*[#  10]+0.004*[#  17]+0.004*[#  18]
    |psi|^2 = 0.997
==== e(  13) =     4.87288 eV ==== 
     psi = 0.078*[#   3]+0.078*[#   4]+0.078*[#  11]+0.078*[#  12]+0.078*[#  19]
          +0.078*[#  20]+0.056*[#   6]+0.056*[#   7]+0.056*[#  14]+0.056*[#  15]
          +0.056*[#  22]+0.056*[#  23]+0.027*[#   5]+0.027*[#   8]+0.027*[#  13]
          +0.027*[#  16]+0.027*[#  21]+0.027*[#  24]
    |psi|^2 = 0.976
==== e(  14) =     4.87288 eV ==== 
     psi = 0.078*[#   3]+0.078*[#   4]+0.078*[#  11]+0.078*[#  12]+0.078*[#  19]
          +0.078*[#  20]+0.056*[#   6]+0.056*[#   7]+0.056*[#  14]+0.056*[#  15]
          +0.056*[#  22]+0.056*[#  23]+0.027*[#   5]+0.027*[#   8]+0.027*[#  13]
          +0.027*[#  16]+0.027*[#  21]+0.027*[#  24]
    |psi|^2 = 0.976
==== e(  15) =     5.82405 eV ==== 
     psi = 0.070*[#   3]+0.070*[#   4]+0.070*[#  11]+0.070*[#  12]+0.070*[#  19]
          +0.070*[#  20]+0.065*[#   6]+0.065*[#   7]+0.065*[#  14]+0.065*[#  15]
          +0.065*[#  22]+0.065*[#  23]+0.019*[#   5]+0.019*[#   8]+0.019*[#  13]
          +0.019*[#  16]+0.019*[#  21]+0.019*[#  24]+0.010*[#   1]+0.010*[#   2]
          +0.010*[#   9]+0.010*[#  10]+0.010*[#  17]+0.010*[#  18]
    |psi|^2 = 0.982
==== e(  16) =     5.82405 eV ==== 
     psi = 0.070*[#   3]+0.070*[#   4]+0.070*[#  11]+0.070*[#  12]+0.070*[#  19]
          +0.070*[#  20]+0.065*[#   6]+0.065*[#   7]+0.065*[#  14]+0.065*[#  15]
          +0.065*[#  22]+0.065*[#  23]+0.019*[#   5]+0.019*[#   8]+0.019*[#  13]
          +0.019*[#  16]+0.019*[#  21]+0.019*[#  24]+0.010*[#   1]+0.010*[#   2]
          +0.010*[#   9]+0.010*[#  10]+0.010*[#  17]+0.010*[#  18]
    |psi|^2 = 0.982
==== e(  17) =     6.07041 eV ==== 
     psi = 0.108*[#   5]+0.108*[#   8]+0.108*[#  13]+0.108*[#  16]+0.108*[#  21]
          +0.108*[#  24]+0.044*[#   3]+0.044*[#   4]+0.044*[#  11]+0.044*[#  12]
          +0.044*[#  19]+0.044*[#  20]+0.011*[#   1]+0.011*[#   2]+0.011*[#   9]
          +0.011*[#  10]+0.011*[#  17]+0.011*[#  18]
    |psi|^2 = 0.983
==== e(  18) =     6.20044 eV ==== 
     psi = 0.123*[#   5]+0.123*[#   8]+0.123*[#  13]+0.123*[#  16]+0.123*[#  21]
          +0.123*[#  24]+0.019*[#   3]+0.019*[#   4]+0.019*[#  11]+0.019*[#  12]
          +0.019*[#  19]+0.019*[#  20]+0.013*[#   6]+0.013*[#   7]+0.013*[#  14]
          +0.013*[#  15]+0.013*[#  22]+0.013*[#  23]+0.009*[#   1]+0.009*[#   2]
          +0.009*[#   9]+0.009*[#  10]+0.009*[#  17]+0.009*[#  18]
    |psi|^2 = 0.985
==== e(  19) =     6.22833 eV ==== 
     psi = 0.086*[#   5]+0.086*[#   8]+0.086*[#  13]+0.086*[#  16]+0.086*[#  21]
          +0.086*[#  24]+0.033*[#   3]+0.033*[#   4]+0.033*[#  11]+0.033*[#  12]
          +0.033*[#  19]+0.033*[#  20]+0.025*[#   6]+0.025*[#   7]+0.025*[#  14]
          +0.025*[#  15]+0.025*[#  22]+0.025*[#  23]+0.018*[#   1]+0.018*[#   2]
          +0.018*[#   9]+0.018*[#  10]+0.018*[#  17]+0.018*[#  18]
    |psi|^2 = 0.971
==== e(  20) =     6.22833 eV ==== 
     psi = 0.086*[#   5]+0.086*[#   8]+0.086*[#  13]+0.086*[#  16]+0.086*[#  21]
          +0.086*[#  24]+0.033*[#   3]+0.033*[#   4]+0.033*[#  11]+0.033*[#  12]
          +0.033*[#  19]+0.033*[#  20]+0.025*[#   6]+0.025*[#   7]+0.025*[#  14]
          +0.025*[#  15]+0.025*[#  22]+0.025*[#  23]+0.018*[#   1]+0.018*[#   2]
          +0.018*[#   9]+0.018*[#  10]+0.018*[#  17]+0.018*[#  18]
    |psi|^2 = 0.971
==== e(  21) =     7.32280 eV ==== 
     psi = 0.096*[#   6]+0.096*[#   7]+0.096*[#  14]+0.096*[#  15]+0.096*[#  22]
          +0.096*[#  23]+0.060*[#   3]+0.060*[#   4]+0.060*[#  11]+0.060*[#  12]
          +0.060*[#  19]+0.060*[#  20]+0.003*[#   1]+0.003*[#   2]+0.003*[#   9]
          +0.003*[#  10]+0.003*[#  17]+0.003*[#  18]+0.001*[#   5]+0.001*[#   8]
          +0.001*[#  13]+0.001*[#  16]+0.001*[#  21]+0.001*[#  24]
    |psi|^2 = 0.955
==== e(  22) =     7.38020 eV ==== 
     psi = 0.098*[#   6]+0.098*[#   7]+0.098*[#  14]+0.098*[#  15]+0.098*[#  22]
          +0.098*[#  23]+0.046*[#   3]+0.046*[#   4]+0.046*[#  11]+0.046*[#  12]
          +0.046*[#  19]+0.046*[#  20]+0.016*[#   5]+0.016*[#   8]+0.016*[#  13]
          +0.016*[#  16]+0.016*[#  21]+0.016*[#  24]
    |psi|^2 = 0.958
==== e(  23) =     7.55090 eV ==== 
     psi = 0.073*[#   6]+0.073*[#   7]+0.073*[#  14]+0.073*[#  15]+0.073*[#  22]
          +0.073*[#  23]+0.063*[#   5]+0.063*[#   8]+0.063*[#  13]+0.063*[#  16]
          +0.063*[#  21]+0.063*[#  24]+0.019*[#   3]+0.019*[#   4]+0.019*[#  11]
          +0.019*[#  12]+0.019*[#  19]+0.019*[#  20]+0.003*[#   1]+0.003*[#   2]
          +0.003*[#   9]+0.003*[#  10]+0.003*[#  17]+0.003*[#  18]
    |psi|^2 = 0.953
==== e(  24) =     7.55090 eV ==== 
     psi = 0.073*[#   6]+0.073*[#   7]+0.073*[#  14]+0.073*[#  15]+0.073*[#  22]
          +0.073*[#  23]+0.063*[#   5]+0.063*[#   8]+0.063*[#  13]+0.063*[#  16]
          +0.063*[#  21]+0.063*[#  24]+0.019*[#   3]+0.019*[#   4]+0.019*[#  11]
          +0.019*[#  12]+0.019*[#  19]+0.019*[#  20]+0.003*[#   1]+0.003*[#   2]
          +0.003*[#   9]+0.003*[#  10]+0.003*[#  17]+0.003*[#  18]
    |psi|^2 = 0.953
==== e(  25) =    11.88862 eV ==== 
     psi = 0.001*[#   6]+0.001*[#   7]+0.001*[#  14]+0.001*[#  15]+0.001*[#  22]
          +0.001*[#  23]
    |psi|^2 = 0.014
==== e(  26) =    11.88873 eV ==== 
     psi = 0.001*[#   6]+0.001*[#   7]+0.001*[#  14]+0.001*[#  15]+0.001*[#  22]
          +0.001*[#  23]
    |psi|^2 = 0.014
==== e(  27) =    12.52979 eV ==== 

    |psi|^2 = 0.008
==== e(  28) =    12.56145 eV ==== 

    |psi|^2 = 0.008

Lowdin Charges: 

     Atom #   1: total charge =   5.9478, s =  1.9166, 
     Atom #   1: total charge =   5.9478, p =  4.0312, 
     Atom #   2: total charge =   5.9478, s =  1.9166, 
     Atom #   2: total charge =   5.9478, p =  4.0312, 
     Atom #   3: total charge =   5.9478, s =  1.9166, 
     Atom #   3: total charge =   5.9478, p =  4.0312, 
     Spilling Parameter:   0.0087

     PROJWFC      :      0.96s CPU      1.11s WALL


   This run was terminated on:  15: 8:55  20Aug2026            

=------------------------------------------------------------------------------=
   JOB DONE.
=------------------------------------------------------------------------------=
