
     Program LD1 v.6.7MaX starts on 12Aug2026 at 18:42: 1 

     This program is part of the open-source Quantum ESPRESSO suite
     for quantum simulation of materials; please cite
         "P. Giannozzi et al., J. Phys.:Condens. Matter 21 395502 (2009);
         "P. Giannozzi et al., J. Phys.:Condens. Matter 29 465901 (2017);
          URL http://www.quantum-espresso.org", 
     in publications or presentations arising from this work. More details at
     http://www.quantum-espresso.org/quote

     Parallel version (MPI), running on     1 processors

     MPI processes distributed on     1 nodes
     Waiting for input...
     Reading input from standard input
     --------------------------- All-electron run ----------------------------

     Te                                                                         
     dirac relativistic calculation

     atomic number is 52.00
     dft =PBE   lsd =0 sic =0 latt =0  beta=0.20 tr2=1.0E-14
     Exchange-correlation= PBE
                           (   1   4   3   4   0   0   0)
     mesh =1245 r(mesh) =  99.36066 a.u. xmin = -7.00 dx = 0.01250
     1 Ry =  13.60569312 eV, c = 137.03599908

     n l j   nl                  e(Ry)          e(Ha)          e(eV)
     Spin orbit split results
     1 0 0.5 1S 1( 2.00)     -2323.0466     -1161.5233    -31606.6595
     2 0 0.5 2S 1( 2.00)      -356.1086      -178.0543     -4845.1046
     2 1 0.5 2P 1( 2.00)      -333.6327      -166.8164     -4539.3044
     2 1 1.5 2P 1( 4.00)      -313.4581      -156.7290     -4264.8144
     3 0 0.5 3S 1( 2.00)       -70.8583       -35.4291      -964.0758
     3 1 0.5 3P 1( 2.00)       -61.6202       -30.8101      -838.3858
     3 1 1.5 3P 1( 4.00)       -57.8601       -28.9300      -787.2262
     4 0 0.5 4S 1( 2.00)       -12.0571        -6.0285      -164.0449
     4 1 0.5 4P 1( 2.00)        -8.8830        -4.4415      -120.8596
     4 1 1.5 4P 1( 4.00)        -8.1693        -4.0847      -111.1495
     3 2 1.5 3D 1( 4.00)       -41.5716       -20.7858      -565.6109
     3 2 2.5 3D 1( 6.00)       -40.7854       -20.3927      -554.9138
     5 0 0.5 5S 1( 2.00)        -1.1008        -0.5504       -14.9768
     5 1 0.5 5P 1( 2.00)        -0.4710        -0.2355        -6.4083
     5 1 1.5 5P 1( 2.00)        -0.4132        -0.2066        -5.6215
     4 2 1.5 4D 1( 4.00)        -3.1092        -1.5546       -42.3031
     4 2 2.5 4D 1( 6.00)        -3.0015        -1.5007       -40.8368
     Averaged results
     1 0     1S 1( 2.00)     -2323.0466     -1161.5233    -31606.6595
     2 0     2S 1( 2.00)      -356.1086      -178.0543     -4845.1046
     2 1     2P 1( 6.00)      -320.1830      -160.0915     -4356.3111
     3 0     3S 1( 2.00)       -70.8583       -35.4291      -964.0758
     3 1     3P 1( 6.00)       -59.1134       -29.5567      -804.2794
     4 0     4S 1( 2.00)       -12.0571        -6.0285      -164.0449
     4 1     4P 1( 6.00)        -8.4072        -4.2036      -114.3862
     3 2     3D 1(10.00)       -41.0999       -20.5500      -559.1927
     5 0     5S 1( 2.00)        -1.1008        -0.5504       -14.9768
     5 1     5P 1( 4.00)        -0.4324        -0.2162        -5.8838
     4 2     4D 1(10.00)        -3.0446        -1.5223       -41.4233

     final scf error:  5.2E-15 reached in  25 iterations

     Etot =  -13593.652121 Ry,   -6796.826060 Ha, -184951.059176 eV

     Ekin =   14376.738166 Ry,    7188.369083 Ha,  195605.487601 eV
     Encl =  -33023.610514 Ry,  -16511.805257 Ha, -449309.110463 eV
     Eh   =    5405.355913 Ry,    2702.677956 Ha,   73543.613770 eV
     Exc  =    -352.135686 Ry,    -176.067843 Ha,   -4791.050084 eV


     normalization and overlap integrals

     s(1S/1S) =  1.000000  <r> =   0.0278  <r2> =    0.0010  r(max) =   0.0178
     s(1S/2S) = -0.000000
     s(1S/3S) = -0.000000
     s(1S/4S) =  0.000000
     s(1S/5S) =  0.000000
     s(2S/2S) =  1.000000  <r> =   0.1194  <r2> =    0.0169  r(max) =   0.1014
     s(2S/3S) =  0.000000
     s(2S/4S) =  0.000000
     s(2S/5S) =  0.000000
     s(2P/2P) =  1.000000  <r> =   0.1008  <r2> =    0.0125  r(max) =   0.0780
     s(2P/3P) =  0.000000
     s(2P/4P) =  0.000000
     s(2P/5P) =  0.000000
     s(2P/2P) =  1.000000  <r> =   0.1064  <r2> =    0.0138  r(max) =   0.0830
     s(2P/3P) =  0.000000
     s(2P/4P) =  0.000000
     s(2P/5P) =  0.000000
     s(3S/3S) =  1.000000  <r> =   0.3218  <r2> =    0.1185  r(max) =   0.2934
     s(3S/4S) =  0.000000
     s(3S/5S) =  0.000000
     s(3P/3P) =  1.000000  <r> =   0.3122  <r2> =    0.1133  r(max) =   0.2791
     s(3P/4P) =  0.000000
     s(3P/5P) =  0.000000
     s(3P/3P) =  1.000000  <r> =   0.3236  <r2> =    0.1215  r(max) =   0.2897
     s(3P/4P) =  0.000000
     s(3P/5P) =  0.000000
     s(4S/4S) =  1.000000  <r> =   0.7647  <r2> =    0.6611  r(max) =   0.7038
     s(4S/5S) =  0.000000
     s(4P/4P) =  1.000000  <r> =   0.8016  <r2> =    0.7331  r(max) =   0.7216
     s(4P/5P) =  0.000000
     s(4P/4P) =  1.000000  <r> =   0.8303  <r2> =    0.7864  r(max) =   0.7492
     s(4P/5P) = -0.000000
     s(3D/3D) =  1.000000  <r> =   0.2947  <r2> =    0.1030  r(max) =   0.2372
     s(3D/4D) = -0.000000
     s(3D/3D) =  1.000000  <r> =   0.2983  <r2> =    0.1054  r(max) =   0.2402
     s(3D/4D) = -0.000000
     s(5S/5S) =  1.000000  <r> =   2.0891  <r2> =    4.9609  r(max) =   1.7972
     s(5P/5P) =  1.000000  <r> =   2.5907  <r2> =    7.7881  r(max) =   2.1144
     s(5P/5P) =  1.000000  <r> =   2.7236  <r2> =    8.6233  r(max) =   2.1952
     s(4D/4D) =  1.000000  <r> =   0.9651  <r2> =    1.0955  r(max) =   0.8076
     s(4D/4D) =  1.000000  <r> =   0.9774  <r2> =    1.1239  r(max) =   0.8177

     ------------------------ End of All-electron run ------------------------


     --------------------- Generating US pseudopotential ---------------------


      Generating local potential from pseudized AE potential:
      Matching radius rcloc =   2.1000

      Local pseudo, rcloc= 2.114 Estimated cut-off energy=     5.56 Ry

      Computing core charge for nlcc: 

       r > 1.82 : true rho core
      Core charge pseudized with two Bessel functions
      Integrated core pseudo-charge :   8.58

     Fully relativistic calculation: |psi|^2

     Wfc 5S LC norm =  0.99990062 SC norm =  0.00009744 missing  0.00000194

     Wfc 5P LC norm =  0.99993624 SC norm =  0.00006345 missing  0.00000030

     Wfc 5P LC norm =  0.99994240 SC norm =  0.00005305 missing  0.00000454
      Wfc-us  5S rcutus= 2.114  Estimated cut-off energy=    10.60 Ry
      Wfc-us  5S rcutus= 2.114  Estimated cut-off energy=    25.66 Ry
      Wfc-us  5P rcutus= 2.279  Estimated cut-off energy=    14.65 Ry
      Wfc-us  5P rcutus= 2.279  Estimated cut-off energy=    14.51 Ry
      Wfc-us  5P rcutus= 2.279  Estimated cut-off energy=    32.03 Ry
      Wfc-us  5P rcutus= 2.279  Estimated cut-off energy=    31.44 Ry
      Wfc-us  5D rcutus= 2.396  Estimated cut-off energy=    18.54 Ry
      Wfc-us  5D rcutus= 2.396  Estimated cut-off energy=    18.49 Ry
      Wfc-us  5D rcutus= 2.396  Estimated cut-off energy=    28.45 Ry
      Wfc-us  5D rcutus= 2.396  Estimated cut-off energy=    28.15 Ry

      The bmat matrix
     2.19152     1.25831     0.00000     0.00000     0.00000     0.00000
     0.00000     0.00000     0.00000     0.00000
     0.83916     0.66213     0.00000     0.00000     0.00000     0.00000
     0.00000     0.00000     0.00000     0.00000
     0.00000     0.00000     0.65762     0.00000     0.87038     0.00000
     0.00000     0.00000     0.00000     0.00000
     0.00000     0.00000     0.00000     0.59656     0.00000     0.81892
     0.00000     0.00000     0.00000     0.00000
     0.00000     0.00000     0.49975     0.00000     1.15154     0.00000
     0.00000     0.00000     0.00000     0.00000
     0.00000     0.00000     0.00000     0.49648     0.00000     1.14319
     0.00000     0.00000     0.00000     0.00000
     0.00000     0.00000     0.00000     0.00000     0.00000     0.00000
     0.19646     0.00000     0.35371     0.00000
     0.00000     0.00000     0.00000     0.00000     0.00000     0.00000
     0.00000     0.19838     0.00000     0.35097
     0.00000     0.00000     0.00000     0.00000     0.00000     0.00000
     0.30841     0.00000     0.67712     0.00000
     0.00000     0.00000     0.00000     0.00000     0.00000     0.00000
     0.00000     0.31452     0.00000     0.67783

      The bmat + epsilon qq matrix
     2.51539     0.90156     0.00000     0.00000     0.00000     0.00000
     0.00000     0.00000     0.00000     0.00000
     0.90149     0.91996     0.00000     0.00000     0.00000     0.00000
     0.00000     0.00000     0.00000     0.00000
     0.00000     0.00000     0.70246     0.00000     0.52556     0.00000
     0.00000     0.00000     0.00000     0.00000
     0.00000     0.00000     0.00000     0.62853     0.00000     0.51639
     0.00000     0.00000     0.00000     0.00000
     0.00000     0.00000     0.52553     0.00000     1.00574     0.00000
     0.00000     0.00000     0.00000     0.00000
     0.00000     0.00000     0.00000     0.51632     0.00000     1.05269
     0.00000     0.00000     0.00000     0.00000
     0.00000     0.00000     0.00000     0.00000     0.00000     0.00000
     0.20033     0.00000     0.30239     0.00000
     0.00000     0.00000     0.00000     0.00000     0.00000     0.00000
     0.00000     0.20380     0.00000     0.30968
     0.00000     0.00000     0.00000     0.00000     0.00000     0.00000
     0.30245     0.00000     0.49392     0.00000
     0.00000     0.00000     0.00000     0.00000     0.00000     0.00000
     0.00000     0.30972     0.00000     0.50229

      The qq matrix
    -0.29422    -0.05663     0.00000     0.00000     0.00000     0.00000
     0.00000     0.00000     0.00000     0.00000
    -0.05663     0.04093     0.00000     0.00000     0.00000     0.00000
     0.00000     0.00000     0.00000     0.00000
     0.00000     0.00000    -0.09522     0.00000    -0.05473     0.00000
     0.00000     0.00000     0.00000     0.00000
     0.00000     0.00000     0.00000    -0.07738     0.00000    -0.04802
     0.00000     0.00000     0.00000     0.00000
     0.00000     0.00000    -0.05473     0.00000    -0.02314     0.00000
     0.00000     0.00000     0.00000     0.00000
     0.00000     0.00000     0.00000    -0.04802     0.00000    -0.01437
     0.00000     0.00000     0.00000     0.00000
     0.00000     0.00000     0.00000     0.00000     0.00000     0.00000
     0.00774     0.00000    -0.01193     0.00000
     0.00000     0.00000     0.00000     0.00000     0.00000     0.00000
     0.00000     0.01084     0.00000    -0.00960
     0.00000     0.00000     0.00000     0.00000     0.00000     0.00000
    -0.01193     0.00000    -0.04261     0.00000
     0.00000     0.00000     0.00000     0.00000     0.00000     0.00000
     0.00000    -0.00960     0.00000    -0.04082

     Q pseudized with Bessel functions
     Expected ecutrho=     156.7125 due to l1=  1   l2=  2

      The ddd matrix
     0.70368     0.37752     0.00000     0.00000     0.00000     0.00000
     0.00000     0.00000     0.00000     0.00000
     0.37752     1.58614     0.00000     0.00000     0.00000     0.00000
     0.00000     0.00000     0.00000     0.00000
     0.00000     0.00000     0.30297     0.00000    -0.00546     0.00000
     0.00000     0.00000     0.00000     0.00000
     0.00000     0.00000     0.00000     0.34468     0.00000    -0.25214
     0.00000     0.00000     0.00000     0.00000
     0.00000     0.00000    -0.00546     0.00000     0.68009     0.00000
     0.00000     0.00000     0.00000     0.00000
     0.00000     0.00000     0.00000    -0.25214     0.00000     0.82512
     0.00000     0.00000     0.00000     0.00000
     0.00000     0.00000     0.00000     0.00000     0.00000     0.00000
     0.41389     0.00000     0.45385     0.00000
     0.00000     0.00000     0.00000     0.00000     0.00000     0.00000
     0.00000     0.44045     0.00000     0.48072
     0.00000     0.00000     0.00000     0.00000     0.00000     0.00000
     0.45385     0.00000     0.52227     0.00000
     0.00000     0.00000     0.00000     0.00000     0.00000     0.00000
     0.00000     0.48072     0.00000     0.54777

     ------------------- End of pseudopotential generation -------------------

     --------------------------- All-electron run ----------------------------

     Te                                                                         
     dirac relativistic calculation

     atomic number is 52.00
     dft =PBE   lsd =0 sic =0 latt =0  beta=0.20 tr2=1.0E-14
     Exchange-correlation= PBE
                           (   1   4   3   4   0   0   0)
     mesh =1245 r(mesh) =  99.36066 a.u. xmin = -7.00 dx = 0.01250
     1 Ry =  13.60569312 eV, c = 137.03599908

     n l j   nl                  e(Ry)          e(Ha)          e(eV)
     Spin orbit split results
     1 0 0.5 1S 1( 2.00)     -2323.0466     -1161.5233    -31606.6595
     2 0 0.5 2S 1( 2.00)      -356.1086      -178.0543     -4845.1046
     2 1 0.5 2P 1( 2.00)      -333.6327      -166.8164     -4539.3044
     2 1 1.5 2P 1( 4.00)      -313.4581      -156.7290     -4264.8144
     3 0 0.5 3S 1( 2.00)       -70.8583       -35.4291      -964.0758
     3 1 0.5 3P 1( 2.00)       -61.6202       -30.8101      -838.3858
     3 1 1.5 3P 1( 4.00)       -57.8601       -28.9300      -787.2262
     4 0 0.5 4S 1( 2.00)       -12.0571        -6.0285      -164.0449
     4 1 0.5 4P 1( 2.00)        -8.8830        -4.4415      -120.8596
     4 1 1.5 4P 1( 4.00)        -8.1693        -4.0847      -111.1495
     3 2 1.5 3D 1( 4.00)       -41.5716       -20.7858      -565.6109
     3 2 2.5 3D 1( 6.00)       -40.7854       -20.3927      -554.9138
     5 0 0.5 5S 1( 2.00)        -1.1008        -0.5504       -14.9768
     5 1 0.5 5P 1( 2.00)        -0.4710        -0.2355        -6.4083
     5 1 1.5 5P 1( 2.00)        -0.4132        -0.2066        -5.6215
     4 2 1.5 4D 1( 4.00)        -3.1092        -1.5546       -42.3031
     4 2 2.5 4D 1( 6.00)        -3.0015        -1.5007       -40.8368
     Averaged results
     1 0     1S 1( 2.00)     -2323.0466     -1161.5233    -31606.6595
     2 0     2S 1( 2.00)      -356.1086      -178.0543     -4845.1046
     2 1     2P 1( 6.00)      -320.1830      -160.0915     -4356.3111
     3 0     3S 1( 2.00)       -70.8583       -35.4291      -964.0758
     3 1     3P 1( 6.00)       -59.1134       -29.5567      -804.2794
     4 0     4S 1( 2.00)       -12.0571        -6.0285      -164.0449
     4 1     4P 1( 6.00)        -8.4072        -4.2036      -114.3862
     3 2     3D 1(10.00)       -41.0999       -20.5500      -559.1927
     5 0     5S 1( 2.00)        -1.1008        -0.5504       -14.9768
     5 1     5P 1( 4.00)        -0.4324        -0.2162        -5.8838
     4 2     4D 1(10.00)        -3.0446        -1.5223       -41.4233

     final scf error:  5.2E-15 reached in  25 iterations

     Etot =  -13593.652121 Ry,   -6796.826060 Ha, -184951.059176 eV

     Ekin =   14376.738166 Ry,    7188.369083 Ha,  195605.487601 eV
     Encl =  -33023.610514 Ry,  -16511.805257 Ha, -449309.110463 eV
     Eh   =    5405.355913 Ry,    2702.677956 Ha,   73543.613770 eV
     Exc  =    -352.135686 Ry,    -176.067843 Ha,   -4791.050084 eV


     normalization and overlap integrals

     s(1S/1S) =  1.000000  <r> =   0.0278  <r2> =    0.0010  r(max) =   0.0178
     s(1S/2S) = -0.000000
     s(1S/3S) = -0.000000
     s(1S/4S) =  0.000000
     s(1S/5S) =  0.000000
     s(2S/2S) =  1.000000  <r> =   0.1194  <r2> =    0.0169  r(max) =   0.1014
     s(2S/3S) =  0.000000
     s(2S/4S) =  0.000000
     s(2S/5S) =  0.000000
     s(2P/2P) =  1.000000  <r> =   0.1008  <r2> =    0.0125  r(max) =   0.0780
     s(2P/3P) =  0.000000
     s(2P/4P) =  0.000000
     s(2P/5P) =  0.000000
     s(2P/2P) =  1.000000  <r> =   0.1064  <r2> =    0.0138  r(max) =   0.0830
     s(2P/3P) =  0.000000
     s(2P/4P) =  0.000000
     s(2P/5P) =  0.000000
     s(3S/3S) =  1.000000  <r> =   0.3218  <r2> =    0.1185  r(max) =   0.2934
     s(3S/4S) =  0.000000
     s(3S/5S) =  0.000000
     s(3P/3P) =  1.000000  <r> =   0.3122  <r2> =    0.1133  r(max) =   0.2791
     s(3P/4P) =  0.000000
     s(3P/5P) =  0.000000
     s(3P/3P) =  1.000000  <r> =   0.3236  <r2> =    0.1215  r(max) =   0.2897
     s(3P/4P) =  0.000000
     s(3P/5P) =  0.000000
     s(4S/4S) =  1.000000  <r> =   0.7647  <r2> =    0.6611  r(max) =   0.7038
     s(4S/5S) =  0.000000
     s(4P/4P) =  1.000000  <r> =   0.8016  <r2> =    0.7331  r(max) =   0.7216
     s(4P/5P) =  0.000000
     s(4P/4P) =  1.000000  <r> =   0.8303  <r2> =    0.7864  r(max) =   0.7492
     s(4P/5P) = -0.000000
     s(3D/3D) =  1.000000  <r> =   0.2947  <r2> =    0.1030  r(max) =   0.2372
     s(3D/4D) = -0.000000
     s(3D/3D) =  1.000000  <r> =   0.2983  <r2> =    0.1054  r(max) =   0.2402
     s(3D/4D) = -0.000000
     s(5S/5S) =  1.000000  <r> =   2.0891  <r2> =    4.9609  r(max) =   1.7972
     s(5P/5P) =  1.000000  <r> =   2.5907  <r2> =    7.7881  r(max) =   2.1144
     s(5P/5P) =  1.000000  <r> =   2.7236  <r2> =    8.6233  r(max) =   2.1952
     s(4D/4D) =  1.000000  <r> =   0.9651  <r2> =    1.0955  r(max) =   0.8076
     s(4D/4D) =  1.000000  <r> =   0.9774  <r2> =    1.1239  r(max) =   0.8177

     ------------------------ End of All-electron run ------------------------


     ---------------------- Testing the pseudopotential ----------------------

     Te                                                                         
     dirac relativistic calculation

     atomic number is 52.00   valence charge is  6.00
     dft =PBE   lsd =0 sic =0 latt =0  beta=0.20 tr2=1.0E-14
     mesh =1245 r(mesh) =  99.36066 xmin = -7.00 dx = 0.01250

     n l  j  nl             e AE (Ry)       e PS (Ry)    De AE-PS (Ry) 
     1 0 0.5 5S   1( 2.00)       -1.10078       -1.10078        0.00000
     2 1 0.5 5P   1( 2.00)       -0.47100       -0.47100       -0.00000
     2 1 1.5 5P   1( 2.00)       -0.41317       -0.41318        0.00000

     eps = 1.3E-15  iter =  3

     Etot =  -13593.652121 Ry,   -6796.826060 Ha, -184951.059176 eV
     Etotps =   -28.354155 Ry,     -14.177078 Ha,    -385.777936 eV

     Ekin =       5.338606 Ry,       2.669303 Ha,      72.635435 eV
     Encl =     -33.283780 Ry,     -16.641890 Ha,    -452.848897 eV
     Ehrt =      13.226685 Ry,       6.613343 Ha,     179.958222 eV
     Ecxc =     -16.338331 Ry,      -8.169166 Ha,    -222.294324 eV
     (Ecc =     -11.908208 Ry,      -5.954104 Ha,    -162.019418 eV)
     Epseu=       2.702665 Ry,       1.351332 Ha,      36.771628 eV

     ---------------------- End of pseudopotential test ----------------------

